START

> pentinian-app@0.1.0 build
> next build

  ▲ Next.js 14.2.5

   Creating an optimized production build ...
 ✓ Compiled successfully
   Linting and checking validity of types ...
   Collecting page data ...
   Generating static pages (0/10) ...
   Generating static pages (2/10) 
   Generating static pages (4/10) 
   Generating static pages (7/10) 
 ✓ Generating static pages (10/10)
   Finalizing page optimization ...
   Collecting build traces ...

Route (app)                              Size     First Load JS
┌ ƒ /                                    141 B          87.2 kB
├ ○ /_not-found                          871 B            88 kB
├ ƒ /api/notion-sync                     0 B                0 B
├ ○ /atelier                             2.55 kB         156 kB
├ ƒ /auth/callback                       0 B                0 B
├ ƒ /auth/signout                        0 B                0 B
├ ○ /login                               913 B           154 kB
└ ƒ /window                              141 B          87.2 kB
+ First Load JS shared by all            87.1 kB
  ├ chunks/23-f3bd2664991ff6e1.js        31.5 kB
  ├ chunks/fd9d1056-1f4c605cebad2e8d.js  53.6 kB
  └ other shared chunks (total)          1.92 kB


ƒ Middleware                             83.7 kB

○  (Static)   prerendered as static content
ƒ  (Dynamic)  server-rendered on demand

EXIT 0
